<html>
<body>
<pre>
<h1>µVision Build Log</h1>
<h2>Project:</h2>
C:\Users\piotr\OneDrive\Pulpit\servo\servo\labor.hex.uvproj
Project File Date:  05/27/2026

<h2>Output:</h2>
Rebuild target 'Target 1'
assembling Startup.s...
compiling keyboard.c...
keyboard.h(8): warning:  #1-D: last line of file ends without a newline
keyboard.c(31): warning:  #1-D: last line of file ends without a newline
compiling led.c...
led.h(4): warning:  #1-D: last line of file ends without a newline
led.c(63): warning:  #1-D: last line of file ends without a newline
compiling servo1.c...
led.h(4): warning:  #1-D: last line of file ends without a newline
keyboard.h(8): warning:  #1-D: last line of file ends without a newline
compiling timer_interrupts.c...
compiling timer0.c...
timer0.h(4): warning:  #1-D: last line of file ends without a newline
timer0.c(40): warning:  #1-D: last line of file ends without a newline
compiling mains.c...
keyboard.h(8): warning:  #1-D: last line of file ends without a newline
servo.h(8): warning:  #1-D: last line of file ends without a newline
linking...
Program Size: Code=2132 RO-data=32 RW-data=8 ZI-data=1272  
".\labor.hex" - 0 Errors, 10 Warning(s).
Rebuild target 'Target 1'
assembling Startup.s...
compiling keyboard.c...
keyboard.h(8): warning:  #1-D: last line of file ends without a newline
keyboard.c(31): warning:  #1-D: last line of file ends without a newline
compiling led.c...
led.h(4): warning:  #1-D: last line of file ends without a newline
led.c(63): warning:  #1-D: last line of file ends without a newline
compiling servo1.c...
led.h(4): warning:  #1-D: last line of file ends without a newline
keyboard.h(8): warning:  #1-D: last line of file ends without a newline
compiling timer_interrupts.c...
compiling timer0.c...
timer0.h(4): warning:  #1-D: last line of file ends without a newline
timer0.c(40): warning:  #1-D: last line of file ends without a newline
compiling mains.c...
keyboard.h(8): warning:  #1-D: last line of file ends without a newline
servo.h(8): warning:  #1-D: last line of file ends without a newline
linking...
Program Size: Code=2132 RO-data=32 RW-data=8 ZI-data=1272  
".\labor.hex" - 0 Errors, 10 Warning(s).
Clean started: Project: 'labor.hex'
   deleting intermediate output files for target 'Target 1'
Rebuild target 'Target 1'
assembling Startup.s...
compiling keyboard.c...
keyboard.h(8): warning:  #1-D: last line of file ends without a newline
keyboard.c(31): warning:  #1-D: last line of file ends without a newline
compiling led.c...
led.h(4): warning:  #1-D: last line of file ends without a newline
led.c(63): warning:  #1-D: last line of file ends without a newline
compiling servo1.c...
led.h(4): warning:  #1-D: last line of file ends without a newline
keyboard.h(8): warning:  #1-D: last line of file ends without a newline
compiling timer_interrupts.c...
compiling timer0.c...
timer0.h(4): warning:  #1-D: last line of file ends without a newline
timer0.c(40): warning:  #1-D: last line of file ends without a newline
compiling mains.c...
keyboard.h(8): warning:  #1-D: last line of file ends without a newline
servo.h(8): warning:  #1-D: last line of file ends without a newline
linking...
Program Size: Code=2124 RO-data=32 RW-data=8 ZI-data=1272  
".\labor.hex" - 0 Errors, 10 Warning(s).
